// Jest Snapshot v1, https://goo.gl/fbAQLP

exports[` 1`] = `
<div
  className="footer"
>
  <h4
    className="footer-text"
  >
    Â© 
    2021
     Clark Newell, Built with
     
    <a
      aria-label="gatsby"
      className="footer-link"
      href="https://www.gatsbyjs.org"
    >
      Gatsby
    </a>
  </h4>
  <div
    className="sc-bdvvtL esfeSi"
  >
    <a
      aria-label="linked in"
      href="https://linkedin.com/in/william-clark-newell/"
    >
      <test-file-stub
        alt="linked in icon"
        className="social-icons"
      />
    </a>
    <a
      aria-label="github"
      href="https://github.com/WCNewell"
    >
      <test-file-stub
        alt="github icon"
        className="social-icons"
      />
    </a>
    <a
      aria-label="instagram"
      href="https://instagram.com/willcnewell/"
    >
      <test-file-stub
        alt="instagram icon"
        className="social-icons"
      />
    </a>
    <a
      aria-label="twitter"
      href="https://twitter.com/WCNewell"
    >
      <test-file-stub
        alt="twitter icon"
        className="social-icons"
      />
    </a>
  </div>
</div>
`;
